{
  "version": "1.4.0",
  "plugins_used": [
    {
      "name": "ArtifactoryDetector"
    },
    {
      "name": "AWSKeyDetector"
    },
    {
      "name": "AzureStorageKeyDetector"
    },
    {
      "name": "Base64HighEntropyString",
      "limit": 4.5
    },
    {
      "name": "BasicAuthDetector"
    },
    {
      "name": "CloudantDetector"
    },
    {
      "name": "DiscordBotTokenDetector"
    },
    {
      "name": "GitHubTokenDetector"
    },
    {
      "name": "HexHighEntropyString",
      "limit": 3.0
    },
    {
      "name": "IbmCloudIamDetector"
    },
    {
      "name": "IbmCosHmacDetector"
    },
    {
      "name": "JwtTokenDetector"
    },
    {
      "name": "KeywordDetector",
      "keyword_exclude": ""
    },
    {
      "name": "MailchimpDetector"
    },
    {
      "name": "NpmDetector"
    },
    {
      "name": "PrivateKeyDetector"
    },
    {
      "name": "SendGridDetector"
    },
    {
      "name": "SlackDetector"
    },
    {
      "name": "SoftlayerDetector"
    },
    {
      "name": "SquareOAuthDetector"
    },
    {
      "name": "StripeDetector"
    },
    {
      "name": "TwilioKeyDetector"
    }
  ],
  "filters_used": [
    {
      "path": "detect_secrets.filters.allowlist.is_line_allowlisted"
    },
    {
      "path": "detect_secrets.filters.common.is_ignored_due_to_verification_policies",
      "min_level": 2
    },
    {
      "path": "detect_secrets.filters.heuristic.is_indirect_reference"
    },
    {
      "path": "detect_secrets.filters.heuristic.is_likely_id_string"
    },
    {
      "path": "detect_secrets.filters.heuristic.is_lock_file"
    },
    {
      "path": "detect_secrets.filters.heuristic.is_not_alphanumeric_string"
    },
    {
      "path": "detect_secrets.filters.heuristic.is_potential_uuid"
    },
    {
      "path": "detect_secrets.filters.heuristic.is_prefixed_with_dollar_sign"
    },
    {
      "path": "detect_secrets.filters.heuristic.is_sequential_string"
    },
    {
      "path": "detect_secrets.filters.heuristic.is_swagger_file"
    },
    {
      "path": "detect_secrets.filters.heuristic.is_templated_secret"
    }
  ],
  "results": {
    ".secrets.baseline": [
      {
        "type": "Hex High Entropy String",
        "filename": ".secrets.baseline",
        "hashed_secret": "55082316817b367f2e8dace4c0a125f8e47a35e2",
        "is_verified": false,
        "line_number": 115
      },
      {
        "type": "Secret Keyword",
        "filename": ".secrets.baseline",
        "hashed_secret": "55082316817b367f2e8dace4c0a125f8e47a35e2",
        "is_verified": false,
        "line_number": 115
      },
      {
        "type": "Hex High Entropy String",
        "filename": ".secrets.baseline",
        "hashed_secret": "47e5ecab3f3dae5bcddd897c248e701e09aedcd9",
        "is_verified": false,
        "line_number": 129
      },
      {
        "type": "Secret Keyword",
        "filename": ".secrets.baseline",
        "hashed_secret": "47e5ecab3f3dae5bcddd897c248e701e09aedcd9",
        "is_verified": false,
        "line_number": 129
      },
      {
        "type": "Hex High Entropy String",
        "filename": ".secrets.baseline",
        "hashed_secret": "9461d158feef0f334894cbda48435d0f36aa27fc",
        "is_verified": false,
        "line_number": 143
      },
      {
        "type": "Secret Keyword",
        "filename": ".secrets.baseline",
        "hashed_secret": "9461d158feef0f334894cbda48435d0f36aa27fc",
        "is_verified": false,
        "line_number": 143
      },
      {
        "type": "Hex High Entropy String",
        "filename": ".secrets.baseline",
        "hashed_secret": "fb1a21d5c0313258eea663ae057a12b8e3aecafc",
        "is_verified": false,
        "line_number": 157
      },
      {
        "type": "Secret Keyword",
        "filename": ".secrets.baseline",
        "hashed_secret": "fb1a21d5c0313258eea663ae057a12b8e3aecafc",
        "is_verified": false,
        "line_number": 157
      },
      {
        "type": "Hex High Entropy String",
        "filename": ".secrets.baseline",
        "hashed_secret": "f9af2b1ae91c32da8de4ae24d22c4de366c09d24",
        "is_verified": false,
        "line_number": 171
      },
      {
        "type": "Secret Keyword",
        "filename": ".secrets.baseline",
        "hashed_secret": "f9af2b1ae91c32da8de4ae24d22c4de366c09d24",
        "is_verified": false,
        "line_number": 171
      },
      {
        "type": "Hex High Entropy String",
        "filename": ".secrets.baseline",
        "hashed_secret": "f8d122e28dcb37938bbbb5ccb3da6ba3b14bfe7d",
        "is_verified": false,
        "line_number": 185
      },
      {
        "type": "Secret Keyword",
        "filename": ".secrets.baseline",
        "hashed_secret": "f8d122e28dcb37938bbbb5ccb3da6ba3b14bfe7d",
        "is_verified": false,
        "line_number": 185
      },
      {
        "type": "Hex High Entropy String",
        "filename": ".secrets.baseline",
        "hashed_secret": "bd5e4980cc68a1f4aae6edc3114ec20e41135d94",
        "is_verified": false,
        "line_number": 199
      },
      {
        "type": "Secret Keyword",
        "filename": ".secrets.baseline",
        "hashed_secret": "bd5e4980cc68a1f4aae6edc3114ec20e41135d94",
        "is_verified": false,
        "line_number": 199
      },
      {
        "type": "Hex High Entropy String",
        "filename": ".secrets.baseline",
        "hashed_secret": "285ddd574d1e68534e918fd15fca131f4c2da3f7",
        "is_verified": false,
        "line_number": 213
      },
      {
        "type": "Secret Keyword",
        "filename": ".secrets.baseline",
        "hashed_secret": "285ddd574d1e68534e918fd15fca131f4c2da3f7",
        "is_verified": false,
        "line_number": 213
      },
      {
        "type": "Hex High Entropy String",
        "filename": ".secrets.baseline",
        "hashed_secret": "c1c01242965f66907654e0e63363b7853de58ca5",
        "is_verified": false,
        "line_number": 227
      },
      {
        "type": "Secret Keyword",
        "filename": ".secrets.baseline",
        "hashed_secret": "c1c01242965f66907654e0e63363b7853de58ca5",
        "is_verified": false,
        "line_number": 227
      },
      {
        "type": "Hex High Entropy String",
        "filename": ".secrets.baseline",
        "hashed_secret": "837d74652d3f62f9dda3550abca4d346e06de316",
        "is_verified": false,
        "line_number": 241
      },
      {
        "type": "Secret Keyword",
        "filename": ".secrets.baseline",
        "hashed_secret": "837d74652d3f62f9dda3550abca4d346e06de316",
        "is_verified": false,
        "line_number": 241
      },
      {
        "type": "Hex High Entropy String",
        "filename": ".secrets.baseline",
        "hashed_secret": "074f1067137fa9fcb4ead4979db4f6171120c8ac",
        "is_verified": false,
        "line_number": 255
      },
      {
        "type": "Secret Keyword",
        "filename": ".secrets.baseline",
        "hashed_secret": "074f1067137fa9fcb4ead4979db4f6171120c8ac",
        "is_verified": false,
        "line_number": 255
      },
      {
        "type": "Hex High Entropy String",
        "filename": ".secrets.baseline",
        "hashed_secret": "1f4e6000062ab0eef825d47ee8b34d257cc48197",
        "is_verified": false,
        "line_number": 269
      },
      {
        "type": "Secret Keyword",
        "filename": ".secrets.baseline",
        "hashed_secret": "1f4e6000062ab0eef825d47ee8b34d257cc48197",
        "is_verified": false,
        "line_number": 269
      },
      {
        "type": "Hex High Entropy String",
        "filename": ".secrets.baseline",
        "hashed_secret": "57e261461be54daed1ed1a21615642d80f6dc806",
        "is_verified": false,
        "line_number": 283
      },
      {
        "type": "Secret Keyword",
        "filename": ".secrets.baseline",
        "hashed_secret": "57e261461be54daed1ed1a21615642d80f6dc806",
        "is_verified": false,
        "line_number": 283
      },
      {
        "type": "Hex High Entropy String",
        "filename": ".secrets.baseline",
        "hashed_secret": "c043abf1b5f1b00b2820fe808d64b4b7de951425",
        "is_verified": false,
        "line_number": 297
      },
      {
        "type": "Secret Keyword",
        "filename": ".secrets.baseline",
        "hashed_secret": "c043abf1b5f1b00b2820fe808d64b4b7de951425",
        "is_verified": false,
        "line_number": 297
      },
      {
        "type": "Hex High Entropy String",
        "filename": ".secrets.baseline",
        "hashed_secret": "8a06d4873d8afb9d19babfb4e2ad3bfa060cd9ec",
        "is_verified": false,
        "line_number": 311
      },
      {
        "type": "Secret Keyword",
        "filename": ".secrets.baseline",
        "hashed_secret": "8a06d4873d8afb9d19babfb4e2ad3bfa060cd9ec",
        "is_verified": false,
        "line_number": 311
      },
      {
        "type": "Hex High Entropy String",
        "filename": ".secrets.baseline",
        "hashed_secret": "d178ebc6cdf96f394279f30c9c9ba6670303db9f",
        "is_verified": false,
        "line_number": 325
      },
      {
        "type": "Secret Keyword",
        "filename": ".secrets.baseline",
        "hashed_secret": "d178ebc6cdf96f394279f30c9c9ba6670303db9f",
        "is_verified": false,
        "line_number": 325
      },
      {
        "type": "Hex High Entropy String",
        "filename": ".secrets.baseline",
        "hashed_secret": "086f20f2f8c1b89e65f6e0f4239e56a7c0aa2673",
        "is_verified": false,
        "line_number": 339
      },
      {
        "type": "Secret Keyword",
        "filename": ".secrets.baseline",
        "hashed_secret": "086f20f2f8c1b89e65f6e0f4239e56a7c0aa2673",
        "is_verified": false,
        "line_number": 339
      },
      {
        "type": "Hex High Entropy String",
        "filename": ".secrets.baseline",
        "hashed_secret": "8bcde6dba29491d96b47184508f2e745be7cd21a",
        "is_verified": false,
        "line_number": 353
      },
      {
        "type": "Secret Keyword",
        "filename": ".secrets.baseline",
        "hashed_secret": "8bcde6dba29491d96b47184508f2e745be7cd21a",
        "is_verified": false,
        "line_number": 353
      },
      {
        "type": "Hex High Entropy String",
        "filename": ".secrets.baseline",
        "hashed_secret": "0fbb6ff4d9b842c0aef2280cbdda18711d576767",
        "is_verified": false,
        "line_number": 367
      },
      {
        "type": "Secret Keyword",
        "filename": ".secrets.baseline",
        "hashed_secret": "0fbb6ff4d9b842c0aef2280cbdda18711d576767",
        "is_verified": false,
        "line_number": 367
      },
      {
        "type": "Hex High Entropy String",
        "filename": ".secrets.baseline",
        "hashed_secret": "f7a9698240800c3e7617316482a3d60823549742",
        "is_verified": false,
        "line_number": 381
      },
      {
        "type": "Secret Keyword",
        "filename": ".secrets.baseline",
        "hashed_secret": "f7a9698240800c3e7617316482a3d60823549742",
        "is_verified": false,
        "line_number": 381
      },
      {
        "type": "Hex High Entropy String",
        "filename": ".secrets.baseline",
        "hashed_secret": "c27deccb767b48d582cbd3a087d68a2330f3e8ba",
        "is_verified": false,
        "line_number": 395
      },
      {
        "type": "Secret Keyword",
        "filename": ".secrets.baseline",
        "hashed_secret": "c27deccb767b48d582cbd3a087d68a2330f3e8ba",
        "is_verified": false,
        "line_number": 395
      },
      {
        "type": "Hex High Entropy String",
        "filename": ".secrets.baseline",
        "hashed_secret": "290ca80d0f8c52bc153c932f6dd2c87542f5b294",
        "is_verified": false,
        "line_number": 409
      },
      {
        "type": "Secret Keyword",
        "filename": ".secrets.baseline",
        "hashed_secret": "290ca80d0f8c52bc153c932f6dd2c87542f5b294",
        "is_verified": false,
        "line_number": 409
      },
      {
        "type": "Hex High Entropy String",
        "filename": ".secrets.baseline",
        "hashed_secret": "7aca7395a46813e67f52cd9b631a0fe54784deba",
        "is_verified": false,
        "line_number": 423
      },
      {
        "type": "Secret Keyword",
        "filename": ".secrets.baseline",
        "hashed_secret": "7aca7395a46813e67f52cd9b631a0fe54784deba",
        "is_verified": false,
        "line_number": 423
      },
      {
        "type": "Hex High Entropy String",
        "filename": ".secrets.baseline",
        "hashed_secret": "5659d9bb10f1797d8ad531606b1f639e30b55ddf",
        "is_verified": false,
        "line_number": 437
      },
      {
        "type": "Secret Keyword",
        "filename": ".secrets.baseline",
        "hashed_secret": "5659d9bb10f1797d8ad531606b1f639e30b55ddf",
        "is_verified": false,
        "line_number": 437
      },
      {
        "type": "Hex High Entropy String",
        "filename": ".secrets.baseline",
        "hashed_secret": "c3027abf8a57d4620701e71937543b38fe1b0b69",
        "is_verified": false,
        "line_number": 451
      },
      {
        "type": "Secret Keyword",
        "filename": ".secrets.baseline",
        "hashed_secret": "c3027abf8a57d4620701e71937543b38fe1b0b69",
        "is_verified": false,
        "line_number": 451
      },
      {
        "type": "Hex High Entropy String",
        "filename": ".secrets.baseline",
        "hashed_secret": "a9088d996c3147ffe319338b3c04e7156b356356",
        "is_verified": false,
        "line_number": 465
      },
      {
        "type": "Secret Keyword",
        "filename": ".secrets.baseline",
        "hashed_secret": "a9088d996c3147ffe319338b3c04e7156b356356",
        "is_verified": false,
        "line_number": 465
      },
      {
        "type": "Hex High Entropy String",
        "filename": ".secrets.baseline",
        "hashed_secret": "4bbbda3876f39285ce8ccafd88063e8d376d6781",
        "is_verified": false,
        "line_number": 479
      },
      {
        "type": "Secret Keyword",
        "filename": ".secrets.baseline",
        "hashed_secret": "4bbbda3876f39285ce8ccafd88063e8d376d6781",
        "is_verified": false,
        "line_number": 479
      },
      {
        "type": "Hex High Entropy String",
        "filename": ".secrets.baseline",
        "hashed_secret": "322b0643914932ce54d60012636f63d3e8df02b3",
        "is_verified": false,
        "line_number": 493
      },
      {
        "type": "Secret Keyword",
        "filename": ".secrets.baseline",
        "hashed_secret": "322b0643914932ce54d60012636f63d3e8df02b3",
        "is_verified": false,
        "line_number": 493
      },
      {
        "type": "Hex High Entropy String",
        "filename": ".secrets.baseline",
        "hashed_secret": "0bc104decd7d9a872ee69b123163b76118befb39",
        "is_verified": false,
        "line_number": 507
      },
      {
        "type": "Secret Keyword",
        "filename": ".secrets.baseline",
        "hashed_secret": "0bc104decd7d9a872ee69b123163b76118befb39",
        "is_verified": false,
        "line_number": 507
      },
      {
        "type": "Hex High Entropy String",
        "filename": ".secrets.baseline",
        "hashed_secret": "71612ae9621fb00273356fb456d3ff1e392e9f99",
        "is_verified": false,
        "line_number": 521
      },
      {
        "type": "Secret Keyword",
        "filename": ".secrets.baseline",
        "hashed_secret": "71612ae9621fb00273356fb456d3ff1e392e9f99",
        "is_verified": false,
        "line_number": 521
      },
      {
        "type": "Hex High Entropy String",
        "filename": ".secrets.baseline",
        "hashed_secret": "71dcf6df42516f131925c7f4578070820caa758c",
        "is_verified": false,
        "line_number": 535
      },
      {
        "type": "Secret Keyword",
        "filename": ".secrets.baseline",
        "hashed_secret": "71dcf6df42516f131925c7f4578070820caa758c",
        "is_verified": false,
        "line_number": 535
      },
      {
        "type": "Hex High Entropy String",
        "filename": ".secrets.baseline",
        "hashed_secret": "61ca239a0aac00676e8d6b169f68e9847930749e",
        "is_verified": false,
        "line_number": 549
      },
      {
        "type": "Secret Keyword",
        "filename": ".secrets.baseline",
        "hashed_secret": "61ca239a0aac00676e8d6b169f68e9847930749e",
        "is_verified": false,
        "line_number": 549
      },
      {
        "type": "Hex High Entropy String",
        "filename": ".secrets.baseline",
        "hashed_secret": "5271d209ad1e5ccd2d87585803221044b31725b8",
        "is_verified": false,
        "line_number": 563
      },
      {
        "type": "Secret Keyword",
        "filename": ".secrets.baseline",
        "hashed_secret": "5271d209ad1e5ccd2d87585803221044b31725b8",
        "is_verified": false,
        "line_number": 563
      },
      {
        "type": "Hex High Entropy String",
        "filename": ".secrets.baseline",
        "hashed_secret": "8a636392a52542312f4b25332c769b0cc79bc3fa",
        "is_verified": false,
        "line_number": 577
      },
      {
        "type": "Secret Keyword",
        "filename": ".secrets.baseline",
        "hashed_secret": "8a636392a52542312f4b25332c769b0cc79bc3fa",
        "is_verified": false,
        "line_number": 577
      },
      {
        "type": "Hex High Entropy String",
        "filename": ".secrets.baseline",
        "hashed_secret": "c25a87e77425372b77c32938267b70d637f14181",
        "is_verified": false,
        "line_number": 591
      },
      {
        "type": "Secret Keyword",
        "filename": ".secrets.baseline",
        "hashed_secret": "c25a87e77425372b77c32938267b70d637f14181",
        "is_verified": false,
        "line_number": 591
      },
      {
        "type": "Hex High Entropy String",
        "filename": ".secrets.baseline",
        "hashed_secret": "e479392c49998a37dcec1bef4dff33eae9fb1c22",
        "is_verified": false,
        "line_number": 605
      },
      {
        "type": "Secret Keyword",
        "filename": ".secrets.baseline",
        "hashed_secret": "e479392c49998a37dcec1bef4dff33eae9fb1c22",
        "is_verified": false,
        "line_number": 605
      },
      {
        "type": "Hex High Entropy String",
        "filename": ".secrets.baseline",
        "hashed_secret": "57fb323b33e4a1de434aec5891e7f3fb5c1bb90b",
        "is_verified": false,
        "line_number": 619
      },
      {
        "type": "Secret Keyword",
        "filename": ".secrets.baseline",
        "hashed_secret": "57fb323b33e4a1de434aec5891e7f3fb5c1bb90b",
        "is_verified": false,
        "line_number": 619
      },
      {
        "type": "Hex High Entropy String",
        "filename": ".secrets.baseline",
        "hashed_secret": "23311202f1f75ad5990a189c884bbd5f97fe80d7",
        "is_verified": false,
        "line_number": 633
      },
      {
        "type": "Secret Keyword",
        "filename": ".secrets.baseline",
        "hashed_secret": "23311202f1f75ad5990a189c884bbd5f97fe80d7",
        "is_verified": false,
        "line_number": 633
      }
    ]
  },
  "generated_at": "2026-04-26T22:35:23Z"
}
